  Determining projects to restore...
C:\Users\taner\source\repos\routiq\Routiq.Api\Routiq.Api.csproj : warning NU1903: Package 'Npgsql' 8.0.2 has a known high severity vulnerability, https://github.com/advisories/GHSA-x9vc-6hfv-hg8c
  All projects are up-to-date for restore.
C:\Users\taner\source\repos\routiq\Routiq.Api\Routiq.Api.csproj : warning NU1903: Package 'Npgsql' 8.0.2 has a known high severity vulnerability, https://github.com/advisories/GHSA-x9vc-6hfv-hg8c
C:\Program Files\dotnet\sdk\10.0.103\Microsoft.Common.CurrentVersion.targets(5381,5): warning MSB3026: Could not copy "C:\Users\taner\source\repos\routiq\Routiq.Api\obj\Debug\net10.0\apphost.exe" to "bin\Debug\net10.0\Routiq.Api.exe". Beginning retry 1 in 1000ms. The process cannot access the file 'C:\Users\taner\source\repos\routiq\Routiq.Api\bin\Debug\net10.0\Routiq.Api.exe' because it is being used by another process. The file is locked by: "Routiq.Api (31128)" [C:\Users\taner\source\repos\routiq\Routiq.Api\Routiq.Api.csproj]
C:\Program Files\dotnet\sdk\10.0.103\Microsoft.Common.CurrentVersion.targets(5381,5): warning MSB3026: Could not copy "C:\Users\taner\source\repos\routiq\Routiq.Api\obj\Debug\net10.0\apphost.exe" to "bin\Debug\net10.0\Routiq.Api.exe". Beginning retry 2 in 1000ms. The process cannot access the file 'C:\Users\taner\source\repos\routiq\Routiq.Api\bin\Debug\net10.0\Routiq.Api.exe' because it is being used by another process. The file is locked by: "Routiq.Api (31128)" [C:\Users\taner\source\repos\routiq\Routiq.Api\Routiq.Api.csproj]
C:\Program Files\dotnet\sdk\10.0.103\Microsoft.Common.CurrentVersion.targets(5381,5): warning MSB3026: Could not copy "C:\Users\taner\source\repos\routiq\Routiq.Api\obj\Debug\net10.0\apphost.exe" to "bin\Debug\net10.0\Routiq.Api.exe". Beginning retry 3 in 1000ms. The process cannot access the file 'C:\Users\taner\source\repos\routiq\Routiq.Api\bin\Debug\net10.0\Routiq.Api.exe' because it is being used by another process. The file is locked by: "Routiq.Api (31128)" [C:\Users\taner\source\repos\routiq\Routiq.Api\Routiq.Api.csproj]
C:\Program Files\dotnet\sdk\10.0.103\Microsoft.Common.CurrentVersion.targets(5381,5): warning MSB3026: Could not copy "C:\Users\taner\source\repos\routiq\Routiq.Api\obj\Debug\net10.0\apphost.exe" to "bin\Debug\net10.0\Routiq.Api.exe". Beginning retry 4 in 1000ms. The process cannot access the file 'C:\Users\taner\source\repos\routiq\Routiq.Api\bin\Debug\net10.0\Routiq.Api.exe' because it is being used by another process. The file is locked by: "Routiq.Api (31128)" [C:\Users\taner\source\repos\routiq\Routiq.Api\Routiq.Api.csproj]
C:\Program Files\dotnet\sdk\10.0.103\Microsoft.Common.CurrentVersion.targets(5381,5): warning MSB3026: Could not copy "C:\Users\taner\source\repos\routiq\Routiq.Api\obj\Debug\net10.0\apphost.exe" to "bin\Debug\net10.0\Routiq.Api.exe". Beginning retry 5 in 1000ms. The process cannot access the file 'C:\Users\taner\source\repos\routiq\Routiq.Api\bin\Debug\net10.0\Routiq.Api.exe' because it is being used by another process. The file is locked by: "Routiq.Api (31128)" [C:\Users\taner\source\repos\routiq\Routiq.Api\Routiq.Api.csproj]
C:\Program Files\dotnet\sdk\10.0.103\Microsoft.Common.CurrentVersion.targets(5381,5): warning MSB3026: Could not copy "C:\Users\taner\source\repos\routiq\Routiq.Api\obj\Debug\net10.0\apphost.exe" to "bin\Debug\net10.0\Routiq.Api.exe". Beginning retry 6 in 1000ms. The process cannot access the file 'C:\Users\taner\source\repos\routiq\Routiq.Api\bin\Debug\net10.0\Routiq.Api.exe' because it is being used by another process. The file is locked by: "Routiq.Api (31128)" [C:\Users\taner\source\repos\routiq\Routiq.Api\Routiq.Api.csproj]
C:\Program Files\dotnet\sdk\10.0.103\Microsoft.Common.CurrentVersion.targets(5381,5): warning MSB3026: Could not copy "C:\Users\taner\source\repos\routiq\Routiq.Api\obj\Debug\net10.0\apphost.exe" to "bin\Debug\net10.0\Routiq.Api.exe". Beginning retry 7 in 1000ms. The process cannot access the file 'C:\Users\taner\source\repos\routiq\Routiq.Api\bin\Debug\net10.0\Routiq.Api.exe' because it is being used by another process. The file is locked by: "Routiq.Api (31128)" [C:\Users\taner\source\repos\routiq\Routiq.Api\Routiq.Api.csproj]
C:\Program Files\dotnet\sdk\10.0.103\Microsoft.Common.CurrentVersion.targets(5381,5): warning MSB3026: Could not copy "C:\Users\taner\source\repos\routiq\Routiq.Api\obj\Debug\net10.0\apphost.exe" to "bin\Debug\net10.0\Routiq.Api.exe". Beginning retry 8 in 1000ms. The process cannot access the file 'C:\Users\taner\source\repos\routiq\Routiq.Api\bin\Debug\net10.0\Routiq.Api.exe' because it is being used by another process. The file is locked by: "Routiq.Api (31128)" [C:\Users\taner\source\repos\routiq\Routiq.Api\Routiq.Api.csproj]
C:\Program Files\dotnet\sdk\10.0.103\Microsoft.Common.CurrentVersion.targets(5381,5): warning MSB3026: Could not copy "C:\Users\taner\source\repos\routiq\Routiq.Api\obj\Debug\net10.0\apphost.exe" to "bin\Debug\net10.0\Routiq.Api.exe". Beginning retry 9 in 1000ms. The process cannot access the file 'C:\Users\taner\source\repos\routiq\Routiq.Api\bin\Debug\net10.0\Routiq.Api.exe' because it is being used by another process. The file is locked by: "Routiq.Api (31128)" [C:\Users\taner\source\repos\routiq\Routiq.Api\Routiq.Api.csproj]
C:\Program Files\dotnet\sdk\10.0.103\Microsoft.Common.CurrentVersion.targets(5381,5): warning MSB3026: Could not copy "C:\Users\taner\source\repos\routiq\Routiq.Api\obj\Debug\net10.0\apphost.exe" to "bin\Debug\net10.0\Routiq.Api.exe". Beginning retry 10 in 1000ms. The process cannot access the file 'C:\Users\taner\source\repos\routiq\Routiq.Api\bin\Debug\net10.0\Routiq.Api.exe' because it is being used by another process. The file is locked by: "Routiq.Api (31128)" [C:\Users\taner\source\repos\routiq\Routiq.Api\Routiq.Api.csproj]
C:\Program Files\dotnet\sdk\10.0.103\Microsoft.Common.CurrentVersion.targets(5381,5): error MSB3027: Could not copy "C:\Users\taner\source\repos\routiq\Routiq.Api\obj\Debug\net10.0\apphost.exe" to "bin\Debug\net10.0\Routiq.Api.exe". Exceeded retry count of 10. Failed. The file is locked by: "Routiq.Api (31128)" [C:\Users\taner\source\repos\routiq\Routiq.Api\Routiq.Api.csproj]
C:\Program Files\dotnet\sdk\10.0.103\Microsoft.Common.CurrentVersion.targets(5381,5): error MSB3021: Unable to copy file "C:\Users\taner\source\repos\routiq\Routiq.Api\obj\Debug\net10.0\apphost.exe" to "bin\Debug\net10.0\Routiq.Api.exe". The process cannot access the file 'C:\Users\taner\source\repos\routiq\Routiq.Api\bin\Debug\net10.0\Routiq.Api.exe' because it is being used by another process. [C:\Users\taner\source\repos\routiq\Routiq.Api\Routiq.Api.csproj]

Build FAILED.

C:\Users\taner\source\repos\routiq\Routiq.Api\Routiq.Api.csproj : warning NU1903: Package 'Npgsql' 8.0.2 has a known high severity vulnerability, https://github.com/advisories/GHSA-x9vc-6hfv-hg8c
C:\Users\taner\source\repos\routiq\Routiq.Api\Routiq.Api.csproj : warning NU1903: Package 'Npgsql' 8.0.2 has a known high severity vulnerability, https://github.com/advisories/GHSA-x9vc-6hfv-hg8c
C:\Program Files\dotnet\sdk\10.0.103\Microsoft.Common.CurrentVersion.targets(5381,5): warning MSB3026: Could not copy "C:\Users\taner\source\repos\routiq\Routiq.Api\obj\Debug\net10.0\apphost.exe" to "bin\Debug\net10.0\Routiq.Api.exe". Beginning retry 1 in 1000ms. The process cannot access the file 'C:\Users\taner\source\repos\routiq\Routiq.Api\bin\Debug\net10.0\Routiq.Api.exe' because it is being used by another process. The file is locked by: "Routiq.Api (31128)" [C:\Users\taner\source\repos\routiq\Routiq.Api\Routiq.Api.csproj]
C:\Program Files\dotnet\sdk\10.0.103\Microsoft.Common.CurrentVersion.targets(5381,5): warning MSB3026: Could not copy "C:\Users\taner\source\repos\routiq\Routiq.Api\obj\Debug\net10.0\apphost.exe" to "bin\Debug\net10.0\Routiq.Api.exe". Beginning retry 2 in 1000ms. The process cannot access the file 'C:\Users\taner\source\repos\routiq\Routiq.Api\bin\Debug\net10.0\Routiq.Api.exe' because it is being used by another process. The file is locked by: "Routiq.Api (31128)" [C:\Users\taner\source\repos\routiq\Routiq.Api\Routiq.Api.csproj]
C:\Program Files\dotnet\sdk\10.0.103\Microsoft.Common.CurrentVersion.targets(5381,5): warning MSB3026: Could not copy "C:\Users\taner\source\repos\routiq\Routiq.Api\obj\Debug\net10.0\apphost.exe" to "bin\Debug\net10.0\Routiq.Api.exe". Beginning retry 3 in 1000ms. The process cannot access the file 'C:\Users\taner\source\repos\routiq\Routiq.Api\bin\Debug\net10.0\Routiq.Api.exe' because it is being used by another process. The file is locked by: "Routiq.Api (31128)" [C:\Users\taner\source\repos\routiq\Routiq.Api\Routiq.Api.csproj]
C:\Program Files\dotnet\sdk\10.0.103\Microsoft.Common.CurrentVersion.targets(5381,5): warning MSB3026: Could not copy "C:\Users\taner\source\repos\routiq\Routiq.Api\obj\Debug\net10.0\apphost.exe" to "bin\Debug\net10.0\Routiq.Api.exe". Beginning retry 4 in 1000ms. The process cannot access the file 'C:\Users\taner\source\repos\routiq\Routiq.Api\bin\Debug\net10.0\Routiq.Api.exe' because it is being used by another process. The file is locked by: "Routiq.Api (31128)" [C:\Users\taner\source\repos\routiq\Routiq.Api\Routiq.Api.csproj]
C:\Program Files\dotnet\sdk\10.0.103\Microsoft.Common.CurrentVersion.targets(5381,5): warning MSB3026: Could not copy "C:\Users\taner\source\repos\routiq\Routiq.Api\obj\Debug\net10.0\apphost.exe" to "bin\Debug\net10.0\Routiq.Api.exe". Beginning retry 5 in 1000ms. The process cannot access the file 'C:\Users\taner\source\repos\routiq\Routiq.Api\bin\Debug\net10.0\Routiq.Api.exe' because it is being used by another process. The file is locked by: "Routiq.Api (31128)" [C:\Users\taner\source\repos\routiq\Routiq.Api\Routiq.Api.csproj]
C:\Program Files\dotnet\sdk\10.0.103\Microsoft.Common.CurrentVersion.targets(5381,5): warning MSB3026: Could not copy "C:\Users\taner\source\repos\routiq\Routiq.Api\obj\Debug\net10.0\apphost.exe" to "bin\Debug\net10.0\Routiq.Api.exe". Beginning retry 6 in 1000ms. The process cannot access the file 'C:\Users\taner\source\repos\routiq\Routiq.Api\bin\Debug\net10.0\Routiq.Api.exe' because it is being used by another process. The file is locked by: "Routiq.Api (31128)" [C:\Users\taner\source\repos\routiq\Routiq.Api\Routiq.Api.csproj]
C:\Program Files\dotnet\sdk\10.0.103\Microsoft.Common.CurrentVersion.targets(5381,5): warning MSB3026: Could not copy "C:\Users\taner\source\repos\routiq\Routiq.Api\obj\Debug\net10.0\apphost.exe" to "bin\Debug\net10.0\Routiq.Api.exe". Beginning retry 7 in 1000ms. The process cannot access the file 'C:\Users\taner\source\repos\routiq\Routiq.Api\bin\Debug\net10.0\Routiq.Api.exe' because it is being used by another process. The file is locked by: "Routiq.Api (31128)" [C:\Users\taner\source\repos\routiq\Routiq.Api\Routiq.Api.csproj]
C:\Program Files\dotnet\sdk\10.0.103\Microsoft.Common.CurrentVersion.targets(5381,5): warning MSB3026: Could not copy "C:\Users\taner\source\repos\routiq\Routiq.Api\obj\Debug\net10.0\apphost.exe" to "bin\Debug\net10.0\Routiq.Api.exe". Beginning retry 8 in 1000ms. The process cannot access the file 'C:\Users\taner\source\repos\routiq\Routiq.Api\bin\Debug\net10.0\Routiq.Api.exe' because it is being used by another process. The file is locked by: "Routiq.Api (31128)" [C:\Users\taner\source\repos\routiq\Routiq.Api\Routiq.Api.csproj]
C:\Program Files\dotnet\sdk\10.0.103\Microsoft.Common.CurrentVersion.targets(5381,5): warning MSB3026: Could not copy "C:\Users\taner\source\repos\routiq\Routiq.Api\obj\Debug\net10.0\apphost.exe" to "bin\Debug\net10.0\Routiq.Api.exe". Beginning retry 9 in 1000ms. The process cannot access the file 'C:\Users\taner\source\repos\routiq\Routiq.Api\bin\Debug\net10.0\Routiq.Api.exe' because it is being used by another process. The file is locked by: "Routiq.Api (31128)" [C:\Users\taner\source\repos\routiq\Routiq.Api\Routiq.Api.csproj]
C:\Program Files\dotnet\sdk\10.0.103\Microsoft.Common.CurrentVersion.targets(5381,5): warning MSB3026: Could not copy "C:\Users\taner\source\repos\routiq\Routiq.Api\obj\Debug\net10.0\apphost.exe" to "bin\Debug\net10.0\Routiq.Api.exe". Beginning retry 10 in 1000ms. The process cannot access the file 'C:\Users\taner\source\repos\routiq\Routiq.Api\bin\Debug\net10.0\Routiq.Api.exe' because it is being used by another process. The file is locked by: "Routiq.Api (31128)" [C:\Users\taner\source\repos\routiq\Routiq.Api\Routiq.Api.csproj]
C:\Program Files\dotnet\sdk\10.0.103\Microsoft.Common.CurrentVersion.targets(5381,5): error MSB3027: Could not copy "C:\Users\taner\source\repos\routiq\Routiq.Api\obj\Debug\net10.0\apphost.exe" to "bin\Debug\net10.0\Routiq.Api.exe". Exceeded retry count of 10. Failed. The file is locked by: "Routiq.Api (31128)" [C:\Users\taner\source\repos\routiq\Routiq.Api\Routiq.Api.csproj]
C:\Program Files\dotnet\sdk\10.0.103\Microsoft.Common.CurrentVersion.targets(5381,5): error MSB3021: Unable to copy file "C:\Users\taner\source\repos\routiq\Routiq.Api\obj\Debug\net10.0\apphost.exe" to "bin\Debug\net10.0\Routiq.Api.exe". The process cannot access the file 'C:\Users\taner\source\repos\routiq\Routiq.Api\bin\Debug\net10.0\Routiq.Api.exe' because it is being used by another process. [C:\Users\taner\source\repos\routiq\Routiq.Api\Routiq.Api.csproj]
    12 Warning(s)
    2 Error(s)

Time Elapsed 00:00:14.65
